Running ZprimeMuMu Analysis_FR with executables RunZprimeMuMuAnalysis_FR
Working dir is /home/condor/dir_20740
Saving dir is /lustre/cms/store/user/defilip/ZprimeAnalysis/80X/histos/histosZprimeMuMu_FR
Compiling the macros
