mv: impossibile fare stat di `/home/condor/dir_17860/CMSSW803-Analyse_ZprimeToMuMu_13TeV.root': No such file or directory
mv: impossibile fare stat di `/home/condor/dir_17860/CMSSW803-Analyse_ZprimeToMuMu_13TeV_cand.txt': No such file or directory
